mktextfm phvr8t
mktextfm phvr8t
mktextfm phvr8t
mktextfm phvr8t
mktextfm phvr8t
mktextfm phvb8t
mktextfm phvb8t
mktextfm phvb8t
mktextfm phvb8t
mktextfm phvb8t
mktextfm phvr8c
mktextfm phvr8t
mktextfm phvb8t
mktextfm pcrr8t
mktextfm phvb8t
mktextfm pcrb8t
mktextfm pcrr8t
mktextfm pcrro8t
mktextfm nullfont
mktextfm pcrr8t
mktextfm pcrro8t
mktextfm nullfont
mktextfm phvr8t
mktextfm phvro8t
mktextfm nullfont
mktextfm phvro8t
mktextfm nullfont
mktextfm phvro8t
mktextfm nullfont
mktextfm phvb8tn
mktextfm pcrro8t
mktextfm nullfont
mktextfm phvb8tn
